[chipbot.gg/home.html]
[backblue.gif]
[fade.gif]
[index.html]
[chipbot.gg/static/images/chip_logo.png]
[unpkg.com/tailwindcss@1.2.0/dist/tailwind.min.css]
[cdn.jsdelivr.net/gh/alpinejs/alpine@v2.x.x/dist/alpine.min.js]
[cdnjs.cloudflare.com/ajax/libs/animate.css/4.0.0/animate.min.css]
[pagead2.googlesyndication.com/pagead/js/f.txt]
[chipbot.gg/cdn-cgi/challenge-platform/h/g/scripts/invisible89bd.js]
[chipbot.gg/commands.html]
[chipbot.gg/static/images/chip_logo_red.png]
[chipbot.gg/static/images/chip_logo_yellow.png]
[chipbot.gg/static/images/chipbeta.png]
[chipbot.gg/static/images/time.svg]
[chipbot.gg/static/images/headphones.svg]
[chipbot.gg/static/images/tuning.svg]
[chipbot.gg/static/images/block.svg]
[chipbot.gg/static/images/view-list.svg]
[chipbot.gg/static/images/heart.svg]
[chipbot.gg/home.html]
[unpkg.com/tailwindcss@1.2.0/dist/tailwind.min.css]
[cdnjs.cloudflare.com/ajax/libs/animate.css/4.0.0/animate.min.css]
[chipbot.gg/static/images/Discord-Logo-White.svg]
[pagead2.googlesyndication.com/pagead/js/fd64d.txt]
[chipbot.gg/commands.html]
[chipbot.gg/static/images/time.svg]
[chipbot.gg/static/images/headphones.svg]
[chipbot.gg/static/images/tuning.svg]
[chipbot.gg/static/images/block.svg]
[chipbot.gg/static/images/view-list.svg]
[chipbot.gg/static/images/heart.svg]
[chipbot.gg/static/images/Discord-Logo-White.svg]
